<?php

declare(strict_types=1);

namespace My\Package;

class SomeClass {}
