# Test Readme

> bar

## Installation

```bash
composer require andrey-helldar/test
```

## License

%year% (c) :author:
%year-range%
%date%

The `Package Wizard` is licensed under the [Apache License 2](:licenseFilename:).

## Questions

Question 1 is :q1:
Question 2 is :q2:
Question 3 is :q3:
Question 4 is :q4:
