# Test Readme

> Some description for package

## Installation

```bash
composer require andrey-helldar/test
```

## License

%year% (c) John Doe <john@example.com>
%year-range%
%date%

The `Package Wizard` is licensed under the [:license:](:licenseFilename:).

## Questions

Question 1 is a1
Question 2 is :q2:
Question 3 is :q3:
Question 4 is :q4:
