[
    "README.md",
    "composer.json",
    "composer.lock",
    "src\/SomeClass.php"
]