[
    "composer.json",
    "package.json",
    "src\/SomeClass.php"
]