{
    "name": "test",
    "version": "1.0.0",
    "description": "Test file",
    "author": "Andrey Helldar <helldar@dragon-code.pro>",
    "license": "MIT",
    "private": true,
    "type": "module",
    "packageManager": "npm@10.0.0"
}
