# Test Readme

> my description for package

## Installation

```bash
composer require my/package
```

## License

%year% (c) :author:
%year-range%
%date%

The `Package Wizard` is licensed under the [MIT License](:licenseFilename:).

## Questions

Question 1 is :q1:
Question 2 is :q2:
Question 3 is :q3:
Question 4 is :q4:
