{
    "name": "test",
    "version": "1.0.0",
    "description": "Test file",
    "author": "John Doe <john@example.com>",
    "license": "MIT",
    "private": true,
    "type": "module"
}
