[
    "NEW_README",
    "README.md",
    "composer.json",
    "src\/SomeClass.php"
]