<?php

declare(strict_types=1);

namespace AndreyHelldar\Test;

class SomeClass {}
